---
source: compiler/driver/tests/codegen_snapshots.rs
expression: normalize_ir(& ir)
---
source_filename = "test.ny"
target triple = "nyra-snapshot-host"

@.str.N = private unnamed_addr constant [4 x i8] c"%d\0A\00", align 1

declare i32 @printf(ptr, ...)
declare void @abort()
declare void @llvm.memcpy.p0.p0.i64(ptr, ptr, i64, i1)

define i32 @main() {
entry:
  %ssa.N = add i32 0, 0
  br label %while.cond.N
while.cond.N:
  %loop.phi.N = phi i32 [%ssa.N, %entry], [%loop.in.N, %while.body.N]
  %bin.N = icmp slt i32 %loop.phi.N, 3
  br i1 %bin.N, label %while.body.N, label %while.end.N
while.body.N:
  %bin.N = add i32 %loop.phi.N, 1
  %loop.in.N = add i32 0, %bin.N
  br label %while.cond.N
while.end.N:
  %loop.exit.N = phi i32 [%loop.phi.N, %while.cond.N]
  %fmt.N = getelementptr inbounds i8, ptr @.str.N, i64 0
  call i32 (ptr, ...) @printf(ptr %fmt.N, i32 %loop.exit.N)
  ret i32 0
}
