---
source: compiler/driver/tests/diagnostics_snapshots.rs
expression: format_all_errors(&out)
---
error: Expected identifier after '@'
  --> p.ny:1:21
error[E002]: undefined variable ``
  --> p.ny:1:21
warning[W003]: unused variable `x`
  --> p.ny:1:17
   = help: prefix with `_` if intentional: `let _x = ...`
   = help: or remove the binding if `x` is not needed
